------------------------------------------------------------
Timing Analyzer Summary
------------------------------------------------------------

Type  : Slow 1200mV 85C Model Setup 'reloj_pixel'
Slack : -1.804
TNS   : -64.849

Type  : Slow 1200mV 85C Model Setup 'clk50MHz'
Slack : -0.807
TNS   : -0.807

Type  : Slow 1200mV 85C Model Hold 'reloj_pixel'
Slack : 0.426
TNS   : 0.000

Type  : Slow 1200mV 85C Model Hold 'clk50MHz'
Slack : 0.754
TNS   : 0.000

Type  : Slow 1200mV 85C Model Minimum Pulse Width 'clk50MHz'
Slack : -3.000
TNS   : -4.403

Type  : Slow 1200mV 85C Model Minimum Pulse Width 'reloj_pixel'
Slack : -1.403
TNS   : -60.329

Type  : Slow 1200mV 0C Model Setup 'reloj_pixel'
Slack : -1.580
TNS   : -55.952

Type  : Slow 1200mV 0C Model Setup 'clk50MHz'
Slack : -0.612
TNS   : -0.612

Type  : Slow 1200mV 0C Model Hold 'reloj_pixel'
Slack : 0.392
TNS   : 0.000

Type  : Slow 1200mV 0C Model Hold 'clk50MHz'
Slack : 0.591
TNS   : 0.000

Type  : Slow 1200mV 0C Model Minimum Pulse Width 'clk50MHz'
Slack : -3.000
TNS   : -4.403

Type  : Slow 1200mV 0C Model Minimum Pulse Width 'reloj_pixel'
Slack : -1.403
TNS   : -60.329

Type  : Fast 1200mV 0C Model Setup 'clk50MHz'
Slack : -0.255
TNS   : -0.255

Type  : Fast 1200mV 0C Model Setup 'reloj_pixel'
Slack : -0.196
TNS   : -3.408

Type  : Fast 1200mV 0C Model Hold 'reloj_pixel'
Slack : 0.169
TNS   : 0.000

Type  : Fast 1200mV 0C Model Hold 'clk50MHz'
Slack : 0.489
TNS   : 0.000

Type  : Fast 1200mV 0C Model Minimum Pulse Width 'clk50MHz'
Slack : -3.000
TNS   : -4.069

Type  : Fast 1200mV 0C Model Minimum Pulse Width 'reloj_pixel'
Slack : -1.000
TNS   : -43.000

------------------------------------------------------------
